02:12:05 **** Incremental Build of configuration Debug for project BlinkLED ****
make -j4 all 
arm-none-eabi-gcc "../Core/Src/motor.c" -mcpu=cortex-m4 -std=gnu11 -g3 -DDEBUG -DUSE_HAL_DRIVER -DSTM32L432xx -c -I../Core/Inc -I../Drivers/STM32L4xx_HAL_Driver/Inc -I../Drivers/STM32L4xx_HAL_Driver/Inc/Legacy -I../Drivers/CMSIS/Device/ST/STM32L4xx/Include -I../Drivers/CMSIS/Include -O0 -ffunction-sections -fdata-sections -Wall -fstack-usage -MMD -MP -MF"Core/Src/motor.d" -MT"Core/Src/motor.o" --specs=nano.specs -mfpu=fpv4-sp-d16 -mfloat-abi=hard -mthumb -o "Core/Src/motor.o"
arm-none-eabi-g++ -o "BlinkLED.elf" @"objects.list"   -mcpu=cortex-m4 -T"C:\Users\Villi\STM32CubeIDE\workspace_1.9.0\BlinkLED\STM32L432KCUX_FLASH.ld" --specs=nosys.specs -Wl,-Map="BlinkLED.map" -Wl,--gc-sections -static --specs=nano.specs -mfpu=fpv4-sp-d16 -mfloat-abi=hard -mthumb -Wl,--start-group -lc -lm -lstdc++ -lsupc++ -Wl,--end-group
Finished building target: BlinkLED.elf
 
arm-none-eabi-size   BlinkLED.elf 
arm-none-eabi-objdump -h -S  BlinkLED.elf  > "BlinkLED.list"
   text	   data	    bss	    dec	    hex	filename
  24860	    120	   1968	  26948	   6944	BlinkLED.elf
Finished building: default.size.stdout
 
Finished building: BlinkLED.list
 

02:12:06 Build Finished. 0 errors, 0 warnings. (took 1s.657ms)

